2026-05-14T18:16:03.039Z
Error: Could not locate the bindings file. Tried:
 → /home/dudousxd/personal/anua-v2/node_modules/.pnpm/better-sqlite3@12.6.2/node_modules/better-sqlite3/build/better_sqlite3.node
 → /home/dudousxd/personal/anua-v2/node_modules/.pnpm/better-sqlite3@12.6.2/node_modules/better-sqlite3/build/Debug/better_sqlite3.node
 → /home/dudousxd/personal/anua-v2/node_modules/.pnpm/better-sqlite3@12.6.2/node_modules/better-sqlite3/build/Release/better_sqlite3.node
 → /home/dudousxd/personal/anua-v2/node_modules/.pnpm/better-sqlite3@12.6.2/node_modules/better-sqlite3/out/Debug/better_sqlite3.node
 → /home/dudousxd/personal/anua-v2/node_modules/.pnpm/better-sqlite3@12.6.2/node_modules/better-sqlite3/Debug/better_sqlite3.node
 → /home/dudousxd/personal/anua-v2/node_modules/.pnpm/better-sqlite3@12.6.2/node_modules/better-sqlite3/out/Release/better_sqlite3.node
 → /home/dudousxd/personal/anua-v2/node_modules/.pnpm/better-sqlite3@12.6.2/node_modules/better-sqlite3/Release/better_sqlite3.node
 → /home/dudousxd/personal/anua-v2/node_modules/.pnpm/better-sqlite3@12.6.2/node_modules/better-sqlite3/build/default/better_sqlite3.node
 → /home/dudousxd/personal/anua-v2/node_modules/.pnpm/better-sqlite3@12.6.2/node_modules/better-sqlite3/compiled/25.2.1/linux/x64/better_sqlite3.node
 → /home/dudousxd/personal/anua-v2/node_modules/.pnpm/better-sqlite3@12.6.2/node_modules/better-sqlite3/addon-build/release/install-root/better_sqlite3.node
 → /home/dudousxd/personal/anua-v2/node_modules/.pnpm/better-sqlite3@12.6.2/node_modules/better-sqlite3/addon-build/debug/install-root/better_sqlite3.node
 → /home/dudousxd/personal/anua-v2/node_modules/.pnpm/better-sqlite3@12.6.2/node_modules/better-sqlite3/addon-build/default/install-root/better_sqlite3.node
 → /home/dudousxd/personal/anua-v2/node_modules/.pnpm/better-sqlite3@12.6.2/node_modules/better-sqlite3/lib/binding/node-v141-linux-x64/better_sqlite3.node
Stack: Error: Could not locate the bindings file. Tried:
 → /home/dudousxd/personal/anua-v2/node_modules/.pnpm/better-sqlite3@12.6.2/node_modules/better-sqlite3/build/better_sqlite3.node
 → /home/dudousxd/personal/anua-v2/node_modules/.pnpm/better-sqlite3@12.6.2/node_modules/better-sqlite3/build/Debug/better_sqlite3.node
 → /home/dudousxd/personal/anua-v2/node_modules/.pnpm/better-sqlite3@12.6.2/node_modules/better-sqlite3/build/Release/better_sqlite3.node
 → /home/dudousxd/personal/anua-v2/node_modules/.pnpm/better-sqlite3@12.6.2/node_modules/better-sqlite3/out/Debug/better_sqlite3.node
 → /home/dudousxd/personal/anua-v2/node_modules/.pnpm/better-sqlite3@12.6.2/node_modules/better-sqlite3/Debug/better_sqlite3.node
 → /home/dudousxd/personal/anua-v2/node_modules/.pnpm/better-sqlite3@12.6.2/node_modules/better-sqlite3/out/Release/better_sqlite3.node
 → /home/dudousxd/personal/anua-v2/node_modules/.pnpm/better-sqlite3@12.6.2/node_modules/better-sqlite3/Release/better_sqlite3.node
 → /home/dudousxd/personal/anua-v2/node_modules/.pnpm/better-sqlite3@12.6.2/node_modules/better-sqlite3/build/default/better_sqlite3.node
 → /home/dudousxd/personal/anua-v2/node_modules/.pnpm/better-sqlite3@12.6.2/node_modules/better-sqlite3/compiled/25.2.1/linux/x64/better_sqlite3.node
 → /home/dudousxd/personal/anua-v2/node_modules/.pnpm/better-sqlite3@12.6.2/node_modules/better-sqlite3/addon-build/release/install-root/better_sqlite3.node
 → /home/dudousxd/personal/anua-v2/node_modules/.pnpm/better-sqlite3@12.6.2/node_modules/better-sqlite3/addon-build/debug/install-root/better_sqlite3.node
 → /home/dudousxd/personal/anua-v2/node_modules/.pnpm/better-sqlite3@12.6.2/node_modules/better-sqlite3/addon-build/default/install-root/better_sqlite3.node
 → /home/dudousxd/personal/anua-v2/node_modules/.pnpm/better-sqlite3@12.6.2/node_modules/better-sqlite3/lib/binding/node-v141-linux-x64/better_sqlite3.node
    at bindings (/home/dudousxd/personal/anua-v2/node_modules/.pnpm/bindings@1.5.0/node_modules/bindings/bindings.js:126:9)
    at new Database (/home/dudousxd/personal/anua-v2/node_modules/.pnpm/better-sqlite3@12.6.2/node_modules/better-sqlite3/lib/database.js:48:64)
    at Client_BetterSQLite3.acquireRawConnection (/home/dudousxd/personal/anua-v2/node_modules/.pnpm/knex@3.1.0_better-sqlite3@12.6.2_pg@8.20.0/node_modules/knex/lib/dialects/better-sqlite3/index.js:14:12)
    at create (/home/dudousxd/personal/anua-v2/node_modules/.pnpm/knex@3.1.0_better-sqlite3@12.6.2_pg@8.20.0/node_modules/knex/lib/client.js:262:39)
